Configuration on demand is an incubating feature.
Reusing configuration cache.
> Task :feature:inbox:preBuild UP-TO-DATE
> Task :app:preBuild UP-TO-DATE
> Task :feature:detail:preBuild UP-TO-DATE
> Task :core:data:preBuild UP-TO-DATE
> Task :core:network:preBuild UP-TO-DATE
> Task :core:designsystem:preBuild UP-TO-DATE
> Task :feature:compose:preBuild UP-TO-DATE
> Task :core:data:generateGithubDebugAssets UP-TO-DATE
> Task :core:database:preBuild UP-TO-DATE
> Task :app:generateGithubDebugAssets UP-TO-DATE
> Task :feature:settings:preBuild UP-TO-DATE
> Task :app:processGithubDebugGoogleServices SKIPPED
> Task :core:pgp:preBuild UP-TO-DATE
> Task :core:model:preBuild UP-TO-DATE
> Task :feature:auth:preBuild UP-TO-DATE
> Task :feature:attachment:preBuild UP-TO-DATE
> Task :core:network:preGithubDebugBuild UP-TO-DATE
> Task :core:designsystem:preGithubDebugBuild UP-TO-DATE
> Task :feature:inbox:preGithubDebugBuild UP-TO-DATE
> Task :feature:compose:preGithubDebugBuild UP-TO-DATE
> Task :core:data:preGithubDebugBuild UP-TO-DATE
> Task :app:preGithubDebugBuild UP-TO-DATE
> Task :core:database:preGithubDebugBuild UP-TO-DATE
> Task :feature:auth:preGithubDebugBuild UP-TO-DATE
> Task :core:pgp:preGithubDebugBuild UP-TO-DATE
> Task :core:model:preGithubDebugBuild UP-TO-DATE
> Task :feature:attachment:preGithubDebugBuild UP-TO-DATE
> Task :feature:detail:preGithubDebugBuild UP-TO-DATE
> Task :core:designsystem:processGithubDebugNavigationResources UP-TO-DATE
> Task :feature:settings:preGithubDebugBuild UP-TO-DATE
> Task :core:network:processGithubDebugNavigationResources UP-TO-DATE
> Task :core:model:processGithubDebugNavigationResources UP-TO-DATE
> Task :core:database:processGithubDebugNavigationResources UP-TO-DATE
> Task :core:pgp:processGithubDebugNavigationResources UP-TO-DATE
> Task :app:mergeGithubDebugNativeDebugMetadata NO-SOURCE
> Task :app:generateGithubDebugBuildConfig UP-TO-DATE
> Task :app:generateGithubDebugResources UP-TO-DATE
> Task :feature:attachment:processGithubDebugNavigationResources UP-TO-DATE
> Task :feature:compose:processGithubDebugNavigationResources UP-TO-DATE
> Task :feature:auth:processGithubDebugNavigationResources UP-TO-DATE
> Task :core:data:generateGithubDebugResources UP-TO-DATE
> Task :core:database:generateGithubDebugResources UP-TO-DATE
> Task :core:data:processGithubDebugNavigationResources UP-TO-DATE
> Task :core:model:generateGithubDebugResources UP-TO-DATE
> Task :core:model:javaPreCompileGithubDebug UP-TO-DATE
> Task :feature:settings:processGithubDebugNavigationResources UP-TO-DATE
> Task :feature:detail:processGithubDebugNavigationResources UP-TO-DATE
> Task :feature:inbox:processGithubDebugNavigationResources UP-TO-DATE
> Task :app:packageGithubDebugResources UP-TO-DATE
> Task :core:pgp:generateGithubDebugResources UP-TO-DATE
> Task :core:network:generateGithubDebugResources UP-TO-DATE
> Task :core:pgp:javaPreCompileGithubDebug UP-TO-DATE
> Task :core:network:generateGithubDebugBuildConfig UP-TO-DATE
> Task :feature:attachment:generateGithubDebugResources UP-TO-DATE
> Task :feature:attachment:generateGithubDebugBuildConfig UP-TO-DATE
> Task :core:designsystem:javaPreCompileGithubDebug UP-TO-DATE
> Task :core:data:javaPreCompileGithubDebug UP-TO-DATE
> Task :core:pgp:generateGithubDebugBuildConfig UP-TO-DATE
> Task :feature:auth:generateGithubDebugBuildConfig UP-TO-DATE
> Task :core:database:javaPreCompileGithubDebug UP-TO-DATE
> Task :feature:auth:javaPreCompileGithubDebug UP-TO-DATE
> Task :feature:attachment:javaPreCompileGithubDebug UP-TO-DATE
> Task :core:network:javaPreCompileGithubDebug UP-TO-DATE
> Task :core:designsystem:generateGithubDebugResources UP-TO-DATE
> Task :core:database:packageGithubDebugResources UP-TO-DATE
> Task :feature:compose:generateGithubDebugResources UP-TO-DATE
> Task :feature:detail:generateGithubDebugBuildConfig UP-TO-DATE
> Task :feature:auth:generateGithubDebugResources UP-TO-DATE
> Task :feature:compose:generateGithubDebugBuildConfig UP-TO-DATE
> Task :feature:detail:generateGithubDebugResources UP-TO-DATE
> Task :feature:compose:javaPreCompileGithubDebug UP-TO-DATE
> Task :feature:inbox:generateGithubDebugResources UP-TO-DATE
> Task :core:network:packageGithubDebugResources UP-TO-DATE
> Task :feature:inbox:generateGithubDebugBuildConfig UP-TO-DATE
> Task :feature:detail:javaPreCompileGithubDebug UP-TO-DATE
> Task :core:database:parseGithubDebugLocalResources UP-TO-DATE
> Task :feature:settings:generateGithubDebugBuildConfig UP-TO-DATE
> Task :feature:inbox:javaPreCompileGithubDebug UP-TO-DATE
> Task :core:model:packageGithubDebugResources UP-TO-DATE
> Task :core:data:packageGithubDebugResources UP-TO-DATE
> Task :feature:settings:generateGithubDebugResources UP-TO-DATE
> Task :core:network:parseGithubDebugLocalResources UP-TO-DATE
> Task :core:pgp:packageGithubDebugResources UP-TO-DATE
> Task :core:data:mergeGithubDebugAssets UP-TO-DATE
> Task :feature:settings:javaPreCompileGithubDebug UP-TO-DATE
> Task :app:javaPreCompileGithubDebug UP-TO-DATE
> Task :feature:detail:packageGithubDebugResources UP-TO-DATE
> Task :core:model:parseGithubDebugLocalResources UP-TO-DATE
> Task :feature:attachment:packageGithubDebugResources UP-TO-DATE
> Task :core:database:generateGithubDebugAssets UP-TO-DATE
> Task :core:designsystem:packageGithubDebugResources UP-TO-DATE
> Task :core:data:parseGithubDebugLocalResources UP-TO-DATE
> Task :feature:auth:packageGithubDebugResources UP-TO-DATE
> Task :core:designsystem:generateGithubDebugAssets UP-TO-DATE
> Task :core:model:generateGithubDebugAssets UP-TO-DATE
> Task :core:database:generateGithubDebugRFile UP-TO-DATE
> Task :core:network:generateGithubDebugAssets UP-TO-DATE
> Task :feature:detail:parseGithubDebugLocalResources UP-TO-DATE
> Task :core:designsystem:parseGithubDebugLocalResources UP-TO-DATE
> Task :core:pgp:parseGithubDebugLocalResources UP-TO-DATE
> Task :core:model:mergeGithubDebugAssets UP-TO-DATE
> Task :core:database:mergeGithubDebugAssets UP-TO-DATE
> Task :core:data:generateGithubDebugRFile UP-TO-DATE
> Task :core:designsystem:mergeGithubDebugAssets UP-TO-DATE
> Task :feature:attachment:parseGithubDebugLocalResources UP-TO-DATE
> Task :feature:inbox:packageGithubDebugResources UP-TO-DATE
> Task :core:network:generateGithubDebugRFile UP-TO-DATE
> Task :core:model:generateGithubDebugRFile UP-TO-DATE
> Task :feature:compose:packageGithubDebugResources UP-TO-DATE
> Task :feature:auth:parseGithubDebugLocalResources UP-TO-DATE
> Task :core:network:mergeGithubDebugAssets UP-TO-DATE
> Task :core:pgp:generateGithubDebugAssets UP-TO-DATE
> Task :feature:auth:generateGithubDebugAssets UP-TO-DATE
> Task :feature:attachment:generateGithubDebugAssets UP-TO-DATE
> Task :feature:inbox:generateGithubDebugAssets UP-TO-DATE
> Task :feature:compose:generateGithubDebugAssets UP-TO-DATE
> Task :feature:detail:generateGithubDebugAssets UP-TO-DATE
> Task :feature:settings:packageGithubDebugResources UP-TO-DATE
> Task :feature:detail:generateGithubDebugRFile UP-TO-DATE
> Task :feature:settings:generateGithubDebugAssets UP-TO-DATE
> Task :feature:inbox:parseGithubDebugLocalResources UP-TO-DATE
> Task :feature:attachment:mergeGithubDebugAssets UP-TO-DATE
> Task :feature:detail:mergeGithubDebugAssets UP-TO-DATE
> Task :feature:compose:parseGithubDebugLocalResources UP-TO-DATE
> Task :feature:compose:mergeGithubDebugAssets UP-TO-DATE
> Task :feature:auth:mergeGithubDebugAssets UP-TO-DATE
> Task :feature:auth:generateGithubDebugRFile UP-TO-DATE
> Task :feature:inbox:mergeGithubDebugAssets UP-TO-DATE
> Task :feature:attachment:generateGithubDebugRFile UP-TO-DATE
> Task :core:pgp:generateGithubDebugRFile UP-TO-DATE
> Task :core:pgp:mergeGithubDebugAssets UP-TO-DATE
> Task :feature:settings:parseGithubDebugLocalResources UP-TO-DATE
> Task :app:generateGithubDebugGlobalSynthetics UP-TO-DATE
> Task :core:designsystem:generateGithubDebugRFile UP-TO-DATE
> Task :app:desugarGithubDebugFileDependencies UP-TO-DATE
> Task :core:data:writeGithubDebugAarMetadata UP-TO-DATE
> Task :core:designsystem:writeGithubDebugAarMetadata UP-TO-DATE
> Task :core:database:writeGithubDebugAarMetadata UP-TO-DATE
> Task :core:pgp:writeGithubDebugAarMetadata UP-TO-DATE
> Task :feature:compose:writeGithubDebugAarMetadata UP-TO-DATE
> Task :core:network:writeGithubDebugAarMetadata UP-TO-DATE
> Task :core:model:writeGithubDebugAarMetadata UP-TO-DATE
> Task :feature:settings:mergeGithubDebugAssets UP-TO-DATE
> Task :feature:inbox:generateGithubDebugRFile UP-TO-DATE
> Task :feature:detail:writeGithubDebugAarMetadata UP-TO-DATE
> Task :feature:inbox:writeGithubDebugAarMetadata UP-TO-DATE
> Task :feature:settings:generateGithubDebugRFile UP-TO-DATE
> Task :app:mapGithubDebugSourceSetPaths UP-TO-DATE
> Task :feature:settings:writeGithubDebugAarMetadata UP-TO-DATE
> Task :feature:auth:writeGithubDebugAarMetadata UP-TO-DATE
> Task :feature:attachment:writeGithubDebugAarMetadata UP-TO-DATE
> Task :app:extractDeepLinksGithubDebug UP-TO-DATE
> Task :core:database:extractDeepLinksGithubDebug UP-TO-DATE
> Task :core:data:processGithubDebugManifest UP-TO-DATE
> Task :core:data:extractDeepLinksGithubDebug UP-TO-DATE
> Task :feature:compose:generateGithubDebugRFile UP-TO-DATE
> Task :core:network:extractDeepLinksGithubDebug UP-TO-DATE
> Task :core:designsystem:extractDeepLinksGithubDebug UP-TO-DATE
> Task :core:model:extractDeepLinksGithubDebug UP-TO-DATE
> Task :core:database:processGithubDebugManifest UP-TO-DATE
> Task :core:pgp:extractDeepLinksGithubDebug UP-TO-DATE
> Task :app:createGithubDebugCompatibleScreenManifests UP-TO-DATE
> Task :feature:attachment:extractDeepLinksGithubDebug UP-TO-DATE
> Task :feature:auth:extractDeepLinksGithubDebug UP-TO-DATE
> Task :core:model:processGithubDebugManifest UP-TO-DATE
> Task :core:designsystem:processGithubDebugManifest UP-TO-DATE
> Task :core:pgp:processGithubDebugManifest UP-TO-DATE
> Task :core:network:processGithubDebugManifest UP-TO-DATE
> Task :app:processGithubDebugNavigationResources UP-TO-DATE
> Task :feature:compose:extractDeepLinksGithubDebug UP-TO-DATE
> Task :feature:detail:extractDeepLinksGithubDebug UP-TO-DATE
> Task :feature:inbox:extractDeepLinksGithubDebug UP-TO-DATE
> Task :feature:settings:extractDeepLinksGithubDebug UP-TO-DATE
> Task :app:compileGithubDebugNavigationResources UP-TO-DATE
> Task :core:data:mapGithubDebugSourceSetPaths UP-TO-DATE
> Task :app:parseGithubDebugLocalResources UP-TO-DATE
> Task :feature:inbox:processGithubDebugManifest UP-TO-DATE
> Task :feature:detail:processGithubDebugManifest UP-TO-DATE
> Task :feature:attachment:processGithubDebugManifest UP-TO-DATE
> Task :feature:compose:processGithubDebugManifest UP-TO-DATE
> Task :feature:auth:processGithubDebugManifest UP-TO-DATE
> Task :core:data:compileGithubDebugLibraryResources UP-TO-DATE
> Task :core:designsystem:mapGithubDebugSourceSetPaths UP-TO-DATE
> Task :core:database:mapGithubDebugSourceSetPaths UP-TO-DATE
> Task :core:model:mapGithubDebugSourceSetPaths UP-TO-DATE
> Task :feature:attachment:mapGithubDebugSourceSetPaths UP-TO-DATE
> Task :feature:settings:processGithubDebugManifest UP-TO-DATE
> Task :feature:auth:mapGithubDebugSourceSetPaths UP-TO-DATE
> Task :core:pgp:mapGithubDebugSourceSetPaths UP-TO-DATE
> Task :core:model:compileGithubDebugLibraryResources UP-TO-DATE
> Task :core:designsystem:compileGithubDebugLibraryResources UP-TO-DATE
> Task :core:network:mapGithubDebugSourceSetPaths UP-TO-DATE
> Task :feature:attachment:compileGithubDebugLibraryResources UP-TO-DATE
> Task :core:database:compileGithubDebugLibraryResources UP-TO-DATE
> Task :app:generateGithubDebugRFile UP-TO-DATE
> Task :feature:inbox:mapGithubDebugSourceSetPaths UP-TO-DATE
> Task :feature:detail:mapGithubDebugSourceSetPaths UP-TO-DATE
> Task :feature:settings:mapGithubDebugSourceSetPaths UP-TO-DATE
> Task :core:network:compileGithubDebugLibraryResources UP-TO-DATE
> Task :core:pgp:compileGithubDebugLibraryResources UP-TO-DATE
> Task :app:mergeGithubDebugJniLibFolders UP-TO-DATE
> Task :feature:compose:mapGithubDebugSourceSetPaths UP-TO-DATE
> Task :feature:inbox:compileGithubDebugLibraryResources UP-TO-DATE
> Task :core:data:mergeGithubDebugJniLibFolders UP-TO-DATE
> Task :feature:settings:compileGithubDebugLibraryResources UP-TO-DATE
> Task :feature:detail:compileGithubDebugLibraryResources UP-TO-DATE
> Task :core:designsystem:mergeGithubDebugJniLibFolders UP-TO-DATE
> Task :core:database:mergeGithubDebugJniLibFolders UP-TO-DATE
> Task :feature:auth:compileGithubDebugLibraryResources UP-TO-DATE
> Task :core:network:mergeGithubDebugJniLibFolders UP-TO-DATE
> Task :core:model:mergeGithubDebugJniLibFolders UP-TO-DATE
> Task :feature:compose:compileGithubDebugLibraryResources UP-TO-DATE
> Task :core:data:mergeGithubDebugNativeLibs NO-SOURCE
> Task :core:network:mergeGithubDebugNativeLibs NO-SOURCE
> Task :core:model:mergeGithubDebugNativeLibs NO-SOURCE
> Task :core:designsystem:mergeGithubDebugNativeLibs NO-SOURCE
> Task :core:database:mergeGithubDebugNativeLibs NO-SOURCE
> Task :feature:auth:mergeGithubDebugJniLibFolders UP-TO-DATE
> Task :core:data:copyGithubDebugJniLibsProjectOnly UP-TO-DATE
> Task :core:database:copyGithubDebugJniLibsProjectOnly UP-TO-DATE
> Task :core:model:copyGithubDebugJniLibsProjectOnly UP-TO-DATE
> Task :feature:compose:mergeGithubDebugJniLibFolders UP-TO-DATE
> Task :core:designsystem:copyGithubDebugJniLibsProjectOnly UP-TO-DATE
> Task :core:network:copyGithubDebugJniLibsProjectOnly UP-TO-DATE
> Task :core:pgp:mergeGithubDebugJniLibFolders UP-TO-DATE
> Task :feature:detail:mergeGithubDebugJniLibFolders UP-TO-DATE
> Task :app:mergeGithubDebugAssets UP-TO-DATE
> Task :feature:auth:mergeGithubDebugNativeLibs NO-SOURCE
> Task :app:validateSigningGithubDebug UP-TO-DATE
> Task :feature:settings:mergeGithubDebugJniLibFolders UP-TO-DATE
> Task :core:pgp:mergeGithubDebugNativeLibs NO-SOURCE
> Task :feature:attachment:mergeGithubDebugJniLibFolders UP-TO-DATE
> Task :feature:compose:mergeGithubDebugNativeLibs NO-SOURCE
> Task :feature:auth:copyGithubDebugJniLibsProjectOnly UP-TO-DATE
> Task :feature:inbox:mergeGithubDebugJniLibFolders UP-TO-DATE
> Task :app:writeGithubDebugAppMetadata UP-TO-DATE
> Task :core:pgp:copyGithubDebugJniLibsProjectOnly UP-TO-DATE
> Task :app:prePlaystoreDebugBuild UP-TO-DATE
> Task :feature:settings:mergeGithubDebugNativeLibs NO-SOURCE
> Task :app:compressGithubDebugAssets UP-TO-DATE
> Task :feature:compose:copyGithubDebugJniLibsProjectOnly UP-TO-DATE
> Task :app:writeGithubDebugSigningConfigVersions UP-TO-DATE
> Task :feature:inbox:mergeGithubDebugNativeLibs NO-SOURCE
> Task :app:mergePlaystoreDebugNativeDebugMetadata NO-SOURCE
> Task :app:checkGithubDebugAarMetadata UP-TO-DATE
> Task :feature:inbox:copyGithubDebugJniLibsProjectOnly UP-TO-DATE
> Task :core:data:prePlaystoreDebugBuild UP-TO-DATE
> Task :feature:attachment:mergeGithubDebugNativeLibs NO-SOURCE
> Task :app:generatePlaystoreDebugBuildConfig UP-TO-DATE
> Task :core:database:prePlaystoreDebugBuild UP-TO-DATE
> Task :core:designsystem:prePlaystoreDebugBuild UP-TO-DATE
> Task :app:generatePlaystoreDebugResources UP-TO-DATE
> Task :core:model:prePlaystoreDebugBuild UP-TO-DATE
> Task :app:mergeGithubDebugResources UP-TO-DATE
> Task :feature:attachment:prePlaystoreDebugBuild UP-TO-DATE
> Task :core:database:processPlaystoreDebugNavigationResources UP-TO-DATE
> Task :core:pgp:prePlaystoreDebugBuild UP-TO-DATE
> Task :core:network:prePlaystoreDebugBuild UP-TO-DATE
> Task :core:data:processPlaystoreDebugNavigationResources UP-TO-DATE
> Task :feature:attachment:copyGithubDebugJniLibsProjectOnly UP-TO-DATE
> Task :feature:settings:copyGithubDebugJniLibsProjectOnly UP-TO-DATE
> Task :feature:auth:prePlaystoreDebugBuild UP-TO-DATE
> Task :app:processPlaystoreDebugGoogleServices UP-TO-DATE
> Task :app:checkGithubDebugDuplicateClasses UP-TO-DATE
> Task :feature:detail:mergeGithubDebugNativeLibs NO-SOURCE
> Task :feature:detail:prePlaystoreDebugBuild UP-TO-DATE
> Task :feature:attachment:processPlaystoreDebugNavigationResources UP-TO-DATE
> Task :core:network:processPlaystoreDebugNavigationResources UP-TO-DATE
> Task :core:designsystem:processPlaystoreDebugNavigationResources UP-TO-DATE
> Task :feature:inbox:prePlaystoreDebugBuild UP-TO-DATE
> Task :feature:settings:prePlaystoreDebugBuild UP-TO-DATE
> Task :feature:compose:prePlaystoreDebugBuild UP-TO-DATE
> Task :core:pgp:processPlaystoreDebugNavigationResources UP-TO-DATE
> Task :core:model:processPlaystoreDebugNavigationResources UP-TO-DATE
> Task :feature:auth:processPlaystoreDebugNavigationResources UP-TO-DATE
> Task :feature:detail:copyGithubDebugJniLibsProjectOnly UP-TO-DATE
> Task :feature:detail:processPlaystoreDebugNavigationResources UP-TO-DATE
> Task :core:data:generatePlaystoreDebugResources UP-TO-DATE
> Task :feature:compose:processPlaystoreDebugNavigationResources UP-TO-DATE
> Task :core:model:generatePlaystoreDebugResources UP-TO-DATE
> Task :core:model:javaPreCompilePlaystoreDebug UP-TO-DATE
> Task :app:packagePlaystoreDebugResources UP-TO-DATE
> Task :feature:inbox:processPlaystoreDebugNavigationResources UP-TO-DATE
> Task :core:pgp:generatePlaystoreDebugResources UP-TO-DATE
> Task :feature:settings:processPlaystoreDebugNavigationResources UP-TO-DATE
> Task :core:pgp:generatePlaystoreDebugBuildConfig UP-TO-DATE
> Task :core:network:generatePlaystoreDebugBuildConfig UP-TO-DATE
> Task :core:database:javaPreCompilePlaystoreDebug UP-TO-DATE
> Task :core:database:generatePlaystoreDebugResources UP-TO-DATE
> Task :core:network:generatePlaystoreDebugResources UP-TO-DATE
> Task :core:model:packagePlaystoreDebugResources UP-TO-DATE
> Task :core:designsystem:generatePlaystoreDebugResources UP-TO-DATE
> Task :core:network:javaPreCompilePlaystoreDebug UP-TO-DATE
> Task :core:model:parsePlaystoreDebugLocalResources UP-TO-DATE
> Task :core:data:packagePlaystoreDebugResources UP-TO-DATE
> Task :feature:attachment:generatePlaystoreDebugResources UP-TO-DATE
> Task :core:database:packagePlaystoreDebugResources UP-TO-DATE
> Task :core:model:compileGithubDebugKotlin UP-TO-DATE
> Task :core:data:parsePlaystoreDebugLocalResources UP-TO-DATE
> Task :core:database:parsePlaystoreDebugLocalResources UP-TO-DATE
> Task :core:pgp:packagePlaystoreDebugResources UP-TO-DATE
> Task :core:model:compileGithubDebugJavaWithJavac NO-SOURCE
> Task :core:model:generatePlaystoreDebugRFile UP-TO-DATE
> Task :app:processPlaystoreDebugNavigationResources UP-TO-DATE
> Task :feature:attachment:packagePlaystoreDebugResources UP-TO-DATE
> Task :core:model:bundleLibCompileToJarGithubDebug UP-TO-DATE
> Task :core:model:bundleLibRuntimeToJarGithubDebug UP-TO-DATE
> Task :core:designsystem:packagePlaystoreDebugResources UP-TO-DATE
> Task :core:pgp:javaPreCompilePlaystoreDebug UP-TO-DATE
> Task :core:data:generatePlaystoreDebugRFile UP-TO-DATE
> Task :core:data:javaPreCompilePlaystoreDebug UP-TO-DATE
> Task :core:database:generatePlaystoreDebugRFile UP-TO-DATE
> Task :core:model:processGithubDebugJavaRes UP-TO-DATE
> Task :core:network:packagePlaystoreDebugResources UP-TO-DATE
> Task :core:designsystem:javaPreCompilePlaystoreDebug UP-TO-DATE
> Task :core:model:bundleLibRuntimeToDirGithubDebug UP-TO-DATE
> Task :feature:attachment:parsePlaystoreDebugLocalResources UP-TO-DATE
> Task :feature:attachment:generatePlaystoreDebugBuildConfig UP-TO-DATE
> Task :core:network:parsePlaystoreDebugLocalResources UP-TO-DATE
> Task :feature:attachment:javaPreCompilePlaystoreDebug UP-TO-DATE
> Task :core:pgp:parsePlaystoreDebugLocalResources UP-TO-DATE
> Task :core:designsystem:parsePlaystoreDebugLocalResources UP-TO-DATE
> Task :core:pgp:generatePlaystoreDebugRFile UP-TO-DATE
> Task :feature:attachment:generatePlaystoreDebugRFile UP-TO-DATE
> Task :feature:auth:generatePlaystoreDebugResources UP-TO-DATE
> Task :core:network:generatePlaystoreDebugRFile UP-TO-DATE
> Task :feature:auth:generatePlaystoreDebugBuildConfig UP-TO-DATE
> Task :feature:compose:generatePlaystoreDebugResources UP-TO-DATE
> Task :feature:compose:generatePlaystoreDebugBuildConfig UP-TO-DATE
> Task :feature:detail:generatePlaystoreDebugResources UP-TO-DATE
> Task :feature:detail:generatePlaystoreDebugBuildConfig UP-TO-DATE
> Task :feature:compose:javaPreCompilePlaystoreDebug UP-TO-DATE
> Task :core:designsystem:compileGithubDebugKotlin UP-TO-DATE
> Task :feature:auth:packagePlaystoreDebugResources UP-TO-DATE
> Task :feature:compose:packagePlaystoreDebugResources UP-TO-DATE
> Task :core:designsystem:compileGithubDebugJavaWithJavac NO-SOURCE
> Task :app:parsePlaystoreDebugLocalResources UP-TO-DATE
> Task :feature:detail:javaPreCompilePlaystoreDebug UP-TO-DATE
> Task :feature:compose:parsePlaystoreDebugLocalResources UP-TO-DATE
> Task :core:designsystem:bundleLibCompileToJarGithubDebug UP-TO-DATE
> Task :feature:inbox:generatePlaystoreDebugResources UP-TO-DATE
> Task :feature:auth:javaPreCompilePlaystoreDebug UP-TO-DATE
> Task :app:processGithubDebugMainManifest UP-TO-DATE
> Task :feature:auth:parsePlaystoreDebugLocalResources UP-TO-DATE
> Task :core:designsystem:bundleLibRuntimeToJarGithubDebug UP-TO-DATE
> Task :core:pgp:kspGithubDebugKotlin UP-TO-DATE
> Task :core:designsystem:generatePlaystoreDebugRFile UP-TO-DATE
> Task :core:designsystem:bundleLibRuntimeToDirGithubDebug UP-TO-DATE
> Task :core:designsystem:processGithubDebugJavaRes UP-TO-DATE
> Task :app:processGithubDebugManifest UP-TO-DATE
> Task :feature:inbox:javaPreCompilePlaystoreDebug UP-TO-DATE
> Task :feature:inbox:generatePlaystoreDebugBuildConfig UP-TO-DATE
> Task :core:network:kspGithubDebugKotlin UP-TO-DATE
> Task :app:processGithubDebugManifestForPackage UP-TO-DATE
> Task :app:generatePlaystoreDebugRFile UP-TO-DATE
> Task :feature:compose:generatePlaystoreDebugRFile UP-TO-DATE
> Task :feature:detail:packagePlaystoreDebugResources UP-TO-DATE
> Task :app:mergeExtDexGithubDebug UP-TO-DATE
> Task :app:generatePlaystoreDebugAssets UP-TO-DATE
> Task :core:data:generatePlaystoreDebugAssets UP-TO-DATE
> Task :feature:settings:generatePlaystoreDebugBuildConfig UP-TO-DATE
> Task :feature:settings:generatePlaystoreDebugResources UP-TO-DATE
> Task :core:database:generatePlaystoreDebugAssets UP-TO-DATE
> Task :feature:auth:generatePlaystoreDebugRFile UP-TO-DATE
> Task :core:designsystem:generatePlaystoreDebugAssets UP-TO-DATE
> Task :feature:detail:parsePlaystoreDebugLocalResources UP-TO-DATE
> Task :app:javaPreCompilePlaystoreDebug UP-TO-DATE
> Task :core:model:generatePlaystoreDebugAssets UP-TO-DATE
> Task :core:network:generatePlaystoreDebugAssets UP-TO-DATE
> Task :feature:settings:javaPreCompilePlaystoreDebug UP-TO-DATE
> Task :core:pgp:generatePlaystoreDebugAssets UP-TO-DATE
> Task :core:model:mergePlaystoreDebugAssets UP-TO-DATE
> Task :core:database:mergePlaystoreDebugAssets UP-TO-DATE
> Task :feature:attachment:generatePlaystoreDebugAssets UP-TO-DATE
> Task :core:data:mergePlaystoreDebugAssets UP-TO-DATE
> Task :core:designsystem:mergePlaystoreDebugAssets UP-TO-DATE
> Task :feature:auth:generatePlaystoreDebugAssets UP-TO-DATE
> Task :core:network:mergePlaystoreDebugAssets UP-TO-DATE
> Task :feature:inbox:generatePlaystoreDebugAssets UP-TO-DATE
> Task :feature:detail:generatePlaystoreDebugAssets UP-TO-DATE
> Task :core:pgp:mergePlaystoreDebugAssets UP-TO-DATE
> Task :feature:auth:mergePlaystoreDebugAssets UP-TO-DATE
> Task :feature:compose:generatePlaystoreDebugAssets UP-TO-DATE
> Task :feature:settings:generatePlaystoreDebugAssets UP-TO-DATE
> Task :feature:attachment:mergePlaystoreDebugAssets UP-TO-DATE
> Task :feature:detail:generatePlaystoreDebugRFile UP-TO-DATE
> Task :feature:settings:mergePlaystoreDebugAssets UP-TO-DATE
> Task :core:database:writePlaystoreDebugAarMetadata UP-TO-DATE
> Task :feature:compose:mergePlaystoreDebugAssets UP-TO-DATE
> Task :app:desugarPlaystoreDebugFileDependencies UP-TO-DATE
> Task :core:data:writePlaystoreDebugAarMetadata UP-TO-DATE
> Task :core:designsystem:writePlaystoreDebugAarMetadata UP-TO-DATE
> Task :core:model:writePlaystoreDebugAarMetadata UP-TO-DATE
> Task :feature:auth:writePlaystoreDebugAarMetadata UP-TO-DATE
> Task :feature:inbox:mergePlaystoreDebugAssets UP-TO-DATE
> Task :feature:inbox:packagePlaystoreDebugResources UP-TO-DATE
> Task :core:pgp:writePlaystoreDebugAarMetadata UP-TO-DATE
> Task :feature:compose:writePlaystoreDebugAarMetadata UP-TO-DATE
> Task :feature:attachment:writePlaystoreDebugAarMetadata UP-TO-DATE
> Task :app:generatePlaystoreDebugGlobalSynthetics UP-TO-DATE
> Task :core:network:writePlaystoreDebugAarMetadata UP-TO-DATE
> Task :feature:inbox:parsePlaystoreDebugLocalResources UP-TO-DATE
> Task :feature:detail:mergePlaystoreDebugAssets UP-TO-DATE
> Task :feature:settings:writePlaystoreDebugAarMetadata UP-TO-DATE
> Task :feature:inbox:writePlaystoreDebugAarMetadata UP-TO-DATE
> Task :app:mapPlaystoreDebugSourceSetPaths UP-TO-DATE
> Task :feature:settings:packagePlaystoreDebugResources UP-TO-DATE
> Task :app:extractDeepLinksPlaystoreDebug UP-TO-DATE
> Task :feature:settings:parsePlaystoreDebugLocalResources UP-TO-DATE
> Task :core:data:extractDeepLinksPlaystoreDebug UP-TO-DATE
> Task :feature:inbox:generatePlaystoreDebugRFile UP-TO-DATE
> Task :core:data:processPlaystoreDebugManifest UP-TO-DATE
> Task :core:database:extractDeepLinksPlaystoreDebug UP-TO-DATE
> Task :core:designsystem:extractDeepLinksPlaystoreDebug UP-TO-DATE
> Task :app:compilePlaystoreDebugNavigationResources UP-TO-DATE
> Task :core:model:extractDeepLinksPlaystoreDebug UP-TO-DATE
> Task :feature:settings:generatePlaystoreDebugRFile UP-TO-DATE
> Task :core:designsystem:processPlaystoreDebugManifest UP-TO-DATE
> Task :app:mergePlaystoreDebugAssets UP-TO-DATE
> Task :core:network:extractDeepLinksPlaystoreDebug UP-TO-DATE
> Task :core:pgp:extractDeepLinksPlaystoreDebug UP-TO-DATE
> Task :app:checkPlaystoreDebugDuplicateClasses UP-TO-DATE
> Task :app:mergeGithubDebugNativeLibs UP-TO-DATE
> Task :app:compressPlaystoreDebugAssets UP-TO-DATE
> Task :feature:attachment:extractDeepLinksPlaystoreDebug UP-TO-DATE
> Task :feature:detail:writePlaystoreDebugAarMetadata UP-TO-DATE
> Task :app:stripGithubDebugDebugSymbols UP-TO-DATE
> Task :feature:auth:extractDeepLinksPlaystoreDebug UP-TO-DATE
> Task :core:network:processPlaystoreDebugManifest UP-TO-DATE
> Task :core:pgp:processPlaystoreDebugManifest UP-TO-DATE
> Task :core:model:processPlaystoreDebugManifest UP-TO-DATE
> Task :feature:attachment:processPlaystoreDebugManifest UP-TO-DATE
> Task :feature:compose:extractDeepLinksPlaystoreDebug UP-TO-DATE
> Task :feature:detail:extractDeepLinksPlaystoreDebug UP-TO-DATE
> Task :feature:inbox:extractDeepLinksPlaystoreDebug UP-TO-DATE
> Task :feature:compose:processPlaystoreDebugManifest UP-TO-DATE
> Task :app:createPlaystoreDebugCompatibleScreenManifests UP-TO-DATE
> Task :feature:auth:processPlaystoreDebugManifest UP-TO-DATE
> Task :feature:detail:processPlaystoreDebugManifest UP-TO-DATE
> Task :feature:settings:extractDeepLinksPlaystoreDebug UP-TO-DATE
> Task :core:database:mapPlaystoreDebugSourceSetPaths UP-TO-DATE
> Task :core:designsystem:mapPlaystoreDebugSourceSetPaths UP-TO-DATE
> Task :core:model:mapPlaystoreDebugSourceSetPaths UP-TO-DATE
> Task :core:pgp:compileGithubDebugKotlin UP-TO-DATE
> Task :feature:settings:processPlaystoreDebugManifest UP-TO-DATE
> Task :feature:inbox:processPlaystoreDebugManifest UP-TO-DATE
> Task :app:mergePlaystoreDebugResources UP-TO-DATE
> Task :core:network:mapPlaystoreDebugSourceSetPaths UP-TO-DATE
> Task :core:database:compilePlaystoreDebugLibraryResources UP-TO-DATE
> Task :core:designsystem:compilePlaystoreDebugLibraryResources UP-TO-DATE
> Task :core:pgp:mapPlaystoreDebugSourceSetPaths UP-TO-DATE
> Task :core:model:compilePlaystoreDebugLibraryResources UP-TO-DATE
> Task :feature:attachment:mapPlaystoreDebugSourceSetPaths UP-TO-DATE
> Task :core:database:processPlaystoreDebugManifest UP-TO-DATE
> Task :feature:auth:mapPlaystoreDebugSourceSetPaths UP-TO-DATE
> Task :feature:detail:mapPlaystoreDebugSourceSetPaths UP-TO-DATE
> Task :core:pgp:processGithubDebugJavaRes UP-TO-DATE
> Task :feature:attachment:compilePlaystoreDebugLibraryResources UP-TO-DATE
> Task :core:data:mapPlaystoreDebugSourceSetPaths UP-TO-DATE
> Task :feature:compose:mapPlaystoreDebugSourceSetPaths UP-TO-DATE
> Task :feature:auth:compilePlaystoreDebugLibraryResources UP-TO-DATE
> Task :core:network:compilePlaystoreDebugLibraryResources UP-TO-DATE
> Task :feature:inbox:mapPlaystoreDebugSourceSetPaths UP-TO-DATE
> Task :core:pgp:compilePlaystoreDebugLibraryResources UP-TO-DATE
> Task :core:data:compilePlaystoreDebugLibraryResources UP-TO-DATE
> Task :feature:detail:compilePlaystoreDebugLibraryResources UP-TO-DATE
> Task :feature:compose:compilePlaystoreDebugLibraryResources UP-TO-DATE
> Task :feature:settings:mapPlaystoreDebugSourceSetPaths UP-TO-DATE
> Task :app:mergeExtDexPlaystoreDebug UP-TO-DATE
> Task :feature:inbox:compilePlaystoreDebugLibraryResources UP-TO-DATE
> Task :app:mergePlaystoreDebugJniLibFolders UP-TO-DATE
> Task :feature:settings:compilePlaystoreDebugLibraryResources UP-TO-DATE
> Task :core:database:mergePlaystoreDebugJniLibFolders UP-TO-DATE
> Task :core:designsystem:mergePlaystoreDebugJniLibFolders UP-TO-DATE
> Task :feature:compose:mergePlaystoreDebugJniLibFolders UP-TO-DATE
> Task :core:model:mergePlaystoreDebugJniLibFolders UP-TO-DATE
> Task :core:pgp:mergePlaystoreDebugJniLibFolders UP-TO-DATE
> Task :core:data:mergePlaystoreDebugJniLibFolders UP-TO-DATE
> Task :feature:auth:mergePlaystoreDebugJniLibFolders UP-TO-DATE
> Task :core:network:mergePlaystoreDebugJniLibFolders UP-TO-DATE
> Task :core:pgp:compileGithubDebugJavaWithJavac UP-TO-DATE
> Task :core:database:mergePlaystoreDebugNativeLibs NO-SOURCE
> Task :feature:attachment:mergePlaystoreDebugJniLibFolders UP-TO-DATE
> Task :core:network:mergePlaystoreDebugNativeLibs NO-SOURCE
> Task :core:data:mergePlaystoreDebugNativeLibs NO-SOURCE
> Task :feature:attachment:mergePlaystoreDebugNativeLibs NO-SOURCE
> Task :feature:compose:mergePlaystoreDebugNativeLibs NO-SOURCE
> Task :core:database:copyPlaystoreDebugJniLibsProjectOnly UP-TO-DATE
> Task :core:pgp:mergePlaystoreDebugNativeLibs NO-SOURCE
> Task :feature:auth:mergePlaystoreDebugNativeLibs NO-SOURCE
> Task :core:designsystem:mergePlaystoreDebugNativeLibs NO-SOURCE
> Task :core:model:mergePlaystoreDebugNativeLibs NO-SOURCE
> Task :core:data:copyPlaystoreDebugJniLibsProjectOnly UP-TO-DATE
> Task :core:designsystem:copyPlaystoreDebugJniLibsProjectOnly UP-TO-DATE
> Task :feature:auth:copyPlaystoreDebugJniLibsProjectOnly UP-TO-DATE
> Task :core:pgp:copyPlaystoreDebugJniLibsProjectOnly UP-TO-DATE
> Task :feature:attachment:copyPlaystoreDebugJniLibsProjectOnly UP-TO-DATE
> Task :core:network:copyPlaystoreDebugJniLibsProjectOnly UP-TO-DATE
> Task :core:model:copyPlaystoreDebugJniLibsProjectOnly UP-TO-DATE
> Task :feature:compose:copyPlaystoreDebugJniLibsProjectOnly UP-TO-DATE
> Task :feature:settings:mergePlaystoreDebugJniLibFolders UP-TO-DATE
> Task :feature:detail:mergePlaystoreDebugJniLibFolders UP-TO-DATE
> Task :feature:inbox:mergePlaystoreDebugJniLibFolders UP-TO-DATE
> Task :app:writePlaystoreDebugAppMetadata UP-TO-DATE
> Task :core:data:stripGithubDebugDebugSymbols NO-SOURCE
> Task :app:validateSigningPlaystoreDebug UP-TO-DATE
> Task :feature:settings:mergePlaystoreDebugNativeLibs NO-SOURCE
> Task :app:checkPlaystoreDebugAarMetadata UP-TO-DATE
> Task :core:data:prepareGithubDebugArtProfile UP-TO-DATE
> Task :core:data:copyGithubDebugJniLibsProjectAndLocalJars UP-TO-DATE
> Task :core:data:prepareLintJarForPublish UP-TO-DATE
> Task :feature:detail:mergePlaystoreDebugNativeLibs NO-SOURCE
> Task :feature:inbox:mergePlaystoreDebugNativeLibs NO-SOURCE
> Task :core:data:stripPlaystoreDebugDebugSymbols NO-SOURCE
> Task :core:data:extractDeepLinksForAarGithubDebug UP-TO-DATE
> Task :core:data:copyPlaystoreDebugJniLibsProjectAndLocalJars UP-TO-DATE
> Task :feature:settings:copyPlaystoreDebugJniLibsProjectOnly UP-TO-DATE
> Task :app:writePlaystoreDebugSigningConfigVersions UP-TO-DATE
> Task :core:pgp:transformGithubDebugClassesWithAsm UP-TO-DATE
> Task :feature:inbox:copyPlaystoreDebugJniLibsProjectOnly UP-TO-DATE
> Task :core:data:preparePlaystoreDebugArtProfile UP-TO-DATE
> Task :feature:detail:copyPlaystoreDebugJniLibsProjectOnly UP-TO-DATE
> Task :core:database:stripGithubDebugDebugSymbols NO-SOURCE
> Task :core:data:extractDeepLinksForAarPlaystoreDebug UP-TO-DATE
> Task :core:pgp:bundleLibCompileToJarGithubDebug UP-TO-DATE
> Task :core:pgp:bundleLibRuntimeToJarGithubDebug UP-TO-DATE
> Task :core:database:copyGithubDebugJniLibsProjectAndLocalJars UP-TO-DATE
> Task :core:database:prepareLintJarForPublish UP-TO-DATE
> Task :core:database:stripPlaystoreDebugDebugSymbols NO-SOURCE
> Task :core:network:compileGithubDebugKotlin UP-TO-DATE
> Task :core:pgp:bundleLibRuntimeToDirGithubDebug UP-TO-DATE
> Task :core:database:prepareGithubDebugArtProfile UP-TO-DATE
> Task :core:model:compilePlaystoreDebugKotlin UP-TO-DATE
> Task :core:database:copyPlaystoreDebugJniLibsProjectAndLocalJars UP-TO-DATE
> Task :core:database:extractDeepLinksForAarGithubDebug UP-TO-DATE
> Task :core:database:checkGithubDebugAarMetadata UP-TO-DATE
> Task :core:database:checkPlaystoreDebugAarMetadata UP-TO-DATE
> Task :core:database:extractDeepLinksForAarPlaystoreDebug UP-TO-DATE
> Task :core:model:compilePlaystoreDebugJavaWithJavac NO-SOURCE
> Task :core:data:checkPlaystoreDebugAarMetadata UP-TO-DATE
> Task :core:database:preparePlaystoreDebugArtProfile UP-TO-DATE
> Task :core:model:bundleLibCompileToJarPlaystoreDebug UP-TO-DATE
> Task :core:data:checkGithubDebugAarMetadata UP-TO-DATE
> Task :core:network:processGithubDebugJavaRes UP-TO-DATE
> Task :core:model:processPlaystoreDebugJavaRes UP-TO-DATE
> Task :app:processPlaystoreDebugMainManifest UP-TO-DATE
> Task :core:designsystem:stripGithubDebugDebugSymbols NO-SOURCE
> Task :core:network:compileGithubDebugJavaWithJavac UP-TO-DATE
> Task :core:model:bundleLibRuntimeToJarPlaystoreDebug UP-TO-DATE
> Task :core:designsystem:extractDeepLinksForAarGithubDebug UP-TO-DATE
> Task :core:designsystem:copyGithubDebugJniLibsProjectAndLocalJars UP-TO-DATE
> Task :app:processPlaystoreDebugManifest UP-TO-DATE
> Task :core:model:bundleLibRuntimeToDirPlaystoreDebug UP-TO-DATE
> Task :core:designsystem:mergeGithubDebugGeneratedProguardFiles UP-TO-DATE
> Task :core:designsystem:prepareGithubDebugArtProfile UP-TO-DATE
> Task :core:designsystem:prepareLintJarForPublish UP-TO-DATE
> Task :core:designsystem:mergeGithubDebugJavaResource UP-TO-DATE
> Task :core:designsystem:stripPlaystoreDebugDebugSymbols NO-SOURCE
> Task :core:network:transformGithubDebugClassesWithAsm UP-TO-DATE
> Task :core:database:kspGithubDebugKotlin UP-TO-DATE
> Task :app:processPlaystoreDebugManifestForPackage UP-TO-DATE
> Task :core:designsystem:mergeGithubDebugConsumerProguardFiles UP-TO-DATE
> Task :core:designsystem:extractDeepLinksForAarPlaystoreDebug UP-TO-DATE
> Task :core:network:bundleLibRuntimeToJarGithubDebug UP-TO-DATE
> Task :core:network:bundleLibCompileToJarGithubDebug UP-TO-DATE
> Task :core:network:bundleLibRuntimeToDirGithubDebug UP-TO-DATE
> Task :core:designsystem:preparePlaystoreDebugArtProfile UP-TO-DATE
> Task :core:designsystem:checkGithubDebugAarMetadata UP-TO-DATE
> Task :core:model:stripGithubDebugDebugSymbols NO-SOURCE
> Task :core:pgp:kspPlaystoreDebugKotlin UP-TO-DATE
> Task :core:model:checkGithubDebugAarMetadata UP-TO-DATE
> Task :core:designsystem:copyPlaystoreDebugJniLibsProjectAndLocalJars UP-TO-DATE
> Task :core:model:copyGithubDebugJniLibsProjectAndLocalJars UP-TO-DATE
> Task :core:designsystem:checkPlaystoreDebugAarMetadata UP-TO-DATE
> Task :core:model:extractDeepLinksForAarGithubDebug UP-TO-DATE
> Task :core:model:prepareGithubDebugArtProfile UP-TO-DATE
> Task :core:model:mergeGithubDebugGeneratedProguardFiles UP-TO-DATE
> Task :core:model:prepareLintJarForPublish UP-TO-DATE
> Task :core:network:kspPlaystoreDebugKotlin UP-TO-DATE
> Task :core:model:stripPlaystoreDebugDebugSymbols NO-SOURCE
> Task :core:model:mergeGithubDebugJavaResource UP-TO-DATE
> Task :core:model:mergeGithubDebugConsumerProguardFiles UP-TO-DATE
> Task :core:model:copyPlaystoreDebugJniLibsProjectAndLocalJars UP-TO-DATE
> Task :app:processGithubDebugResources UP-TO-DATE
> Task :core:model:extractDeepLinksForAarPlaystoreDebug UP-TO-DATE
> Task :core:model:checkPlaystoreDebugAarMetadata UP-TO-DATE
> Task :app:mergePlaystoreDebugNativeLibs UP-TO-DATE
> Task :core:model:preparePlaystoreDebugArtProfile UP-TO-DATE
> Task :core:model:mergePlaystoreDebugJavaResource UP-TO-DATE
> Task :core:model:mergePlaystoreDebugGeneratedProguardFiles UP-TO-DATE
> Task :app:stripPlaystoreDebugDebugSymbols UP-TO-DATE
> Task :core:network:stripGithubDebugDebugSymbols NO-SOURCE
> Task :core:network:extractDeepLinksForAarGithubDebug UP-TO-DATE
> Task :core:network:copyGithubDebugJniLibsProjectAndLocalJars UP-TO-DATE
> Task :core:designsystem:compilePlaystoreDebugKotlin UP-TO-DATE
> Task :core:model:mergePlaystoreDebugConsumerProguardFiles UP-TO-DATE
> Task :core:designsystem:compilePlaystoreDebugJavaWithJavac NO-SOURCE
> Task :core:network:mergeGithubDebugGeneratedProguardFiles UP-TO-DATE
> Task :core:network:prepareLintJarForPublish UP-TO-DATE
> Task :core:network:checkGithubDebugAarMetadata UP-TO-DATE
> Task :core:designsystem:bundleLibRuntimeToDirPlaystoreDebug UP-TO-DATE
> Task :core:designsystem:bundleLibRuntimeToJarPlaystoreDebug UP-TO-DATE
> Task :core:designsystem:processPlaystoreDebugJavaRes UP-TO-DATE
> Task :app:processPlaystoreDebugResources UP-TO-DATE
> Task :core:designsystem:bundleLibCompileToJarPlaystoreDebug UP-TO-DATE
> Task :core:network:prepareGithubDebugArtProfile UP-TO-DATE
> Task :core:network:mergeGithubDebugJavaResource UP-TO-DATE
> Task :core:network:checkPlaystoreDebugAarMetadata UP-TO-DATE
> Task :core:network:stripPlaystoreDebugDebugSymbols NO-SOURCE
> Task :core:network:mergeGithubDebugConsumerProguardFiles UP-TO-DATE
> Task :core:network:extractDeepLinksForAarPlaystoreDebug UP-TO-DATE
> Task :core:pgp:stripGithubDebugDebugSymbols NO-SOURCE
> Task :core:designsystem:mergePlaystoreDebugJavaResource UP-TO-DATE
> Task :core:network:preparePlaystoreDebugArtProfile UP-TO-DATE
> Task :core:pgp:copyGithubDebugJniLibsProjectAndLocalJars UP-TO-DATE
> Task :core:designsystem:mergePlaystoreDebugGeneratedProguardFiles UP-TO-DATE
> Task :core:pgp:extractDeepLinksForAarGithubDebug UP-TO-DATE
> Task :core:network:copyPlaystoreDebugJniLibsProjectAndLocalJars UP-TO-DATE
> Task :core:pgp:checkGithubDebugAarMetadata UP-TO-DATE
> Task :core:pgp:prepareGithubDebugArtProfile UP-TO-DATE
> Task :core:pgp:prepareLintJarForPublish UP-TO-DATE
> Task :core:pgp:mergeGithubDebugGeneratedProguardFiles UP-TO-DATE
> Task :core:pgp:stripPlaystoreDebugDebugSymbols NO-SOURCE
> Task :core:designsystem:mergePlaystoreDebugConsumerProguardFiles UP-TO-DATE
> Task :core:pgp:mergeGithubDebugJavaResource UP-TO-DATE
> Task :core:pgp:checkPlaystoreDebugAarMetadata UP-TO-DATE
> Task :core:pgp:copyPlaystoreDebugJniLibsProjectAndLocalJars UP-TO-DATE
> Task :core:pgp:extractDeepLinksForAarPlaystoreDebug UP-TO-DATE
> Task :core:pgp:preparePlaystoreDebugArtProfile UP-TO-DATE
> Task :feature:attachment:stripGithubDebugDebugSymbols NO-SOURCE
> Task :core:pgp:mergeGithubDebugConsumerProguardFiles UP-TO-DATE
> Task :feature:attachment:copyGithubDebugJniLibsProjectAndLocalJars UP-TO-DATE
> Task :feature:attachment:extractDeepLinksForAarGithubDebug UP-TO-DATE
> Task :feature:attachment:prepareLintJarForPublish UP-TO-DATE
> Task :feature:attachment:prepareGithubDebugArtProfile UP-TO-DATE
> Task :feature:attachment:stripPlaystoreDebugDebugSymbols NO-SOURCE
> Task :feature:attachment:copyPlaystoreDebugJniLibsProjectAndLocalJars UP-TO-DATE
> Task :feature:attachment:extractDeepLinksForAarPlaystoreDebug UP-TO-DATE
> Task :feature:attachment:preparePlaystoreDebugArtProfile UP-TO-DATE
> Task :feature:auth:stripGithubDebugDebugSymbols NO-SOURCE
> Task :feature:auth:copyGithubDebugJniLibsProjectAndLocalJars UP-TO-DATE
> Task :feature:auth:extractDeepLinksForAarGithubDebug UP-TO-DATE
> Task :core:database:compileGithubDebugKotlin UP-TO-DATE
> Task :feature:attachment:checkPlaystoreDebugAarMetadata UP-TO-DATE
> Task :feature:attachment:checkGithubDebugAarMetadata UP-TO-DATE
> Task :feature:auth:prepareLintJarForPublish UP-TO-DATE
> Task :feature:auth:prepareGithubDebugArtProfile UP-TO-DATE
> Task :core:database:compileGithubDebugJavaWithJavac NO-SOURCE
> Task :feature:auth:stripPlaystoreDebugDebugSymbols NO-SOURCE
> Task :feature:auth:copyPlaystoreDebugJniLibsProjectAndLocalJars UP-TO-DATE
> Task :core:database:processGithubDebugJavaRes UP-TO-DATE
> Task :core:pgp:compilePlaystoreDebugKotlin UP-TO-DATE
> Task :core:database:mergeGithubDebugJavaResource UP-TO-DATE
> Task :core:pgp:processPlaystoreDebugJavaRes UP-TO-DATE
> Task :core:database:transformGithubDebugClassesWithAsm UP-TO-DATE
> Task :feature:auth:extractDeepLinksForAarPlaystoreDebug UP-TO-DATE
> Task :core:pgp:compilePlaystoreDebugJavaWithJavac UP-TO-DATE
> Task :core:database:bundleLibRuntimeToJarGithubDebug UP-TO-DATE
> Task :core:database:bundleLibCompileToJarGithubDebug UP-TO-DATE
> Task :core:database:bundleLibRuntimeToDirGithubDebug UP-TO-DATE
> Task :core:pgp:transformPlaystoreDebugClassesWithAsm UP-TO-DATE
> Task :feature:auth:checkGithubDebugAarMetadata UP-TO-DATE
> Task :feature:auth:checkPlaystoreDebugAarMetadata UP-TO-DATE
> Task :core:pgp:bundleLibCompileToJarPlaystoreDebug UP-TO-DATE
> Task :core:pgp:bundleLibRuntimeToJarPlaystoreDebug UP-TO-DATE
> Task :core:pgp:bundleLibRuntimeToDirPlaystoreDebug UP-TO-DATE
> Task :core:database:mergeGithubDebugGeneratedProguardFiles UP-TO-DATE
> Task :core:database:mergeGithubDebugConsumerProguardFiles UP-TO-DATE
> Task :core:pgp:mergePlaystoreDebugGeneratedProguardFiles UP-TO-DATE
> Task :core:pgp:mergePlaystoreDebugJavaResource UP-TO-DATE
> Task :core:network:compilePlaystoreDebugKotlin UP-TO-DATE
> Task :core:data:kspGithubDebugKotlin UP-TO-DATE
> Task :core:pgp:mergePlaystoreDebugConsumerProguardFiles UP-TO-DATE
> Task :core:database:kspPlaystoreDebugKotlin UP-TO-DATE
> Task :core:network:processPlaystoreDebugJavaRes UP-TO-DATE
> Task :feature:auth:preparePlaystoreDebugArtProfile UP-TO-DATE
> Task :core:network:compilePlaystoreDebugJavaWithJavac UP-TO-DATE
> Task :core:network:mergePlaystoreDebugJavaResource UP-TO-DATE
> Task :feature:compose:stripGithubDebugDebugSymbols NO-SOURCE
> Task :feature:compose:copyGithubDebugJniLibsProjectAndLocalJars UP-TO-DATE
> Task :feature:compose:extractDeepLinksForAarGithubDebug UP-TO-DATE
> Task :core:network:transformPlaystoreDebugClassesWithAsm UP-TO-DATE
> Task :core:database:extractGithubDebugAnnotations UP-TO-DATE
> Task :core:network:bundleLibRuntimeToDirPlaystoreDebug UP-TO-DATE
> Task :core:network:bundleLibCompileToJarPlaystoreDebug UP-TO-DATE
> Task :core:network:bundleLibRuntimeToJarPlaystoreDebug UP-TO-DATE
> Task :core:database:extractPlaystoreDebugAnnotations UP-TO-DATE
> Task :core:database:syncGithubDebugLibJars UP-TO-DATE
> Task :feature:compose:prepareLintJarForPublish UP-TO-DATE
> Task :feature:compose:prepareGithubDebugArtProfile UP-TO-DATE
> Task :core:network:mergePlaystoreDebugGeneratedProguardFiles UP-TO-DATE
> Task :core:data:extractGithubDebugAnnotations UP-TO-DATE
> Task :core:database:bundleGithubDebugAar UP-TO-DATE
> Task :feature:compose:stripPlaystoreDebugDebugSymbols NO-SOURCE
> Task :core:database:assembleGithubDebug UP-TO-DATE
> Task :feature:compose:checkGithubDebugAarMetadata UP-TO-DATE
> Task :feature:compose:extractDeepLinksForAarPlaystoreDebug UP-TO-DATE
> Task :feature:compose:copyPlaystoreDebugJniLibsProjectAndLocalJars UP-TO-DATE
> Task :feature:compose:preparePlaystoreDebugArtProfile UP-TO-DATE
> Task :core:network:mergePlaystoreDebugConsumerProguardFiles UP-TO-DATE
> Task :core:pgp:extractPlaystoreDebugAnnotations UP-TO-DATE
> Task :feature:detail:stripGithubDebugDebugSymbols NO-SOURCE
> Task :feature:detail:prepareGithubDebugArtProfile UP-TO-DATE
> Task :feature:detail:copyGithubDebugJniLibsProjectAndLocalJars UP-TO-DATE
> Task :feature:detail:extractDeepLinksForAarGithubDebug UP-TO-DATE
> Task :feature:detail:prepareLintJarForPublish UP-TO-DATE
> Task :feature:detail:stripPlaystoreDebugDebugSymbols NO-SOURCE
> Task :feature:compose:checkPlaystoreDebugAarMetadata UP-TO-DATE
> Task :core:pgp:extractGithubDebugAnnotations UP-TO-DATE
> Task :feature:detail:copyPlaystoreDebugJniLibsProjectAndLocalJars UP-TO-DATE
> Task :core:pgp:syncPlaystoreDebugLibJars UP-TO-DATE
> Task :feature:inbox:stripGithubDebugDebugSymbols NO-SOURCE
> Task :feature:detail:extractDeepLinksForAarPlaystoreDebug UP-TO-DATE
> Task :feature:detail:preparePlaystoreDebugArtProfile UP-TO-DATE
> Task :feature:inbox:copyGithubDebugJniLibsProjectAndLocalJars UP-TO-DATE
> Task :core:pgp:bundlePlaystoreDebugAar UP-TO-DATE
> Task :core:pgp:assemblePlaystoreDebug UP-TO-DATE
> Task :feature:inbox:extractDeepLinksForAarGithubDebug UP-TO-DATE
> Task :core:pgp:syncGithubDebugLibJars UP-TO-DATE
> Task :core:network:extractPlaystoreDebugAnnotations UP-TO-DATE
> Task :feature:inbox:stripPlaystoreDebugDebugSymbols NO-SOURCE
> Task :core:network:extractGithubDebugAnnotations UP-TO-DATE
> Task :feature:inbox:prepareLintJarForPublish UP-TO-DATE
> Task :feature:inbox:prepareGithubDebugArtProfile UP-TO-DATE
> Task :feature:inbox:copyPlaystoreDebugJniLibsProjectAndLocalJars UP-TO-DATE
> Task :core:model:extractPlaystoreDebugAnnotations UP-TO-DATE
> Task :core:pgp:bundleGithubDebugAar UP-TO-DATE
> Task :core:pgp:assembleGithubDebug UP-TO-DATE
> Task :core:pgp:assembleDebug UP-TO-DATE
> Task :feature:inbox:preparePlaystoreDebugArtProfile UP-TO-DATE
> Task :feature:detail:checkGithubDebugAarMetadata UP-TO-DATE
> Task :core:model:extractGithubDebugAnnotations UP-TO-DATE
> Task :core:model:syncPlaystoreDebugLibJars UP-TO-DATE
> Task :feature:settings:prepareGithubDebugArtProfile UP-TO-DATE
> Task :feature:settings:extractDeepLinksForAarGithubDebug UP-TO-DATE
> Task :core:network:syncGithubDebugLibJars UP-TO-DATE
> Task :core:network:syncPlaystoreDebugLibJars UP-TO-DATE
> Task :feature:settings:stripGithubDebugDebugSymbols NO-SOURCE
> Task :core:model:bundlePlaystoreDebugAar UP-TO-DATE
> Task :core:database:compilePlaystoreDebugKotlin UP-TO-DATE
> Task :core:model:syncGithubDebugLibJars UP-TO-DATE
> Task :feature:inbox:checkGithubDebugAarMetadata UP-TO-DATE
> Task :core:model:assemblePlaystoreDebug UP-TO-DATE
> Task :feature:inbox:checkPlaystoreDebugAarMetadata UP-TO-DATE
> Task :feature:settings:prepareLintJarForPublish UP-TO-DATE
> Task :core:network:bundleGithubDebugAar UP-TO-DATE
> Task :feature:settings:copyGithubDebugJniLibsProjectAndLocalJars UP-TO-DATE
> Task :feature:detail:checkPlaystoreDebugAarMetadata UP-TO-DATE
> Task :core:network:assembleGithubDebug UP-TO-DATE
> Task :feature:settings:stripPlaystoreDebugDebugSymbols NO-SOURCE
> Task :core:designsystem:extractPlaystoreDebugAnnotations UP-TO-DATE
> Task :core:database:compilePlaystoreDebugJavaWithJavac NO-SOURCE
> Task :feature:settings:preparePlaystoreDebugArtProfile UP-TO-DATE
> Task :core:network:bundlePlaystoreDebugAar UP-TO-DATE
> Task :feature:inbox:extractDeepLinksForAarPlaystoreDebug UP-TO-DATE
> Task :core:model:bundleGithubDebugAar UP-TO-DATE
> Task :feature:settings:extractDeepLinksForAarPlaystoreDebug UP-TO-DATE
> Task :core:model:assembleGithubDebug UP-TO-DATE
> Task :core:model:assembleDebug UP-TO-DATE
> Task :core:network:assemblePlaystoreDebug UP-TO-DATE
> Task :feature:settings:copyPlaystoreDebugJniLibsProjectAndLocalJars UP-TO-DATE
> Task :core:network:assembleDebug UP-TO-DATE
> Task :core:database:processPlaystoreDebugJavaRes UP-TO-DATE
> Task :core:designsystem:syncPlaystoreDebugLibJars UP-TO-DATE
> Task :core:database:mergePlaystoreDebugJavaResource UP-TO-DATE
> Task :core:database:transformPlaystoreDebugClassesWithAsm UP-TO-DATE
> Task :core:designsystem:bundlePlaystoreDebugAar UP-TO-DATE
> Task :core:designsystem:assemblePlaystoreDebug UP-TO-DATE
> Task :core:database:bundleLibCompileToJarPlaystoreDebug UP-TO-DATE
> Task :core:database:bundleLibRuntimeToDirPlaystoreDebug UP-TO-DATE
> Task :core:database:bundleLibRuntimeToJarPlaystoreDebug UP-TO-DATE
> Task :core:designsystem:extractGithubDebugAnnotations UP-TO-DATE
> Task :core:database:syncPlaystoreDebugLibJars UP-TO-DATE
> Task :core:database:mergePlaystoreDebugGeneratedProguardFiles UP-TO-DATE
> Task :feature:settings:checkPlaystoreDebugAarMetadata UP-TO-DATE
> Task :feature:settings:checkGithubDebugAarMetadata UP-TO-DATE
> Task :core:designsystem:syncGithubDebugLibJars UP-TO-DATE
> Task :core:database:mergePlaystoreDebugConsumerProguardFiles UP-TO-DATE
> Task :core:database:bundlePlaystoreDebugAar UP-TO-DATE
> Task :core:designsystem:bundleGithubDebugAar UP-TO-DATE
> Task :core:designsystem:assembleGithubDebug UP-TO-DATE
> Task :core:designsystem:assembleDebug UP-TO-DATE
> Task :core:database:assemblePlaystoreDebug UP-TO-DATE
> Task :core:database:assembleDebug UP-TO-DATE
> Task :core:data:extractPlaystoreDebugAnnotations UP-TO-DATE
> Task :core:data:kspPlaystoreDebugKotlin UP-TO-DATE
> Task :core:data:compileGithubDebugKotlin UP-TO-DATE
> Task :core:data:processGithubDebugJavaRes UP-TO-DATE
> Task :core:data:compileGithubDebugJavaWithJavac UP-TO-DATE
> Task :core:data:mergeGithubDebugJavaResource UP-TO-DATE
> Task :core:data:transformGithubDebugClassesWithAsm UP-TO-DATE
> Task :core:data:bundleLibRuntimeToDirGithubDebug UP-TO-DATE
> Task :core:data:bundleLibRuntimeToJarGithubDebug UP-TO-DATE
> Task :core:data:bundleLibCompileToJarGithubDebug UP-TO-DATE
> Task :core:data:syncGithubDebugLibJars UP-TO-DATE
> Task :core:data:mergeGithubDebugGeneratedProguardFiles UP-TO-DATE
> Task :core:data:mergeGithubDebugConsumerProguardFiles UP-TO-DATE
> Task :core:data:bundleGithubDebugAar UP-TO-DATE
> Task :core:data:assembleGithubDebug UP-TO-DATE
> Task :feature:detail:extractGithubDebugAnnotations UP-TO-DATE
> Task :feature:auth:extractGithubDebugAnnotations UP-TO-DATE
> Task :feature:attachment:kspGithubDebugKotlin UP-TO-DATE
> Task :feature:compose:kspGithubDebugKotlin UP-TO-DATE
> Task :feature:auth:kspGithubDebugKotlin UP-TO-DATE
> Task :feature:detail:kspGithubDebugKotlin UP-TO-DATE
> Task :feature:settings:kspGithubDebugKotlin UP-TO-DATE
> Task :feature:attachment:extractGithubDebugAnnotations UP-TO-DATE
> Task :feature:settings:extractGithubDebugAnnotations UP-TO-DATE
> Task :feature:compose:extractGithubDebugAnnotations UP-TO-DATE
> Task :core:data:compilePlaystoreDebugKotlin UP-TO-DATE
> Task :core:data:processPlaystoreDebugJavaRes UP-TO-DATE
> Task :core:data:mergePlaystoreDebugJavaResource UP-TO-DATE
> Task :core:data:compilePlaystoreDebugJavaWithJavac UP-TO-DATE
> Task :core:data:transformPlaystoreDebugClassesWithAsm UP-TO-DATE
> Task :feature:attachment:compileGithubDebugKotlin UP-TO-DATE
> Task :feature:compose:compileGithubDebugKotlin UP-TO-DATE
> Task :feature:compose:processGithubDebugJavaRes UP-TO-DATE
> Task :core:data:bundleLibCompileToJarPlaystoreDebug UP-TO-DATE
> Task :core:data:bundleLibRuntimeToJarPlaystoreDebug UP-TO-DATE
> Task :feature:auth:compileGithubDebugKotlin UP-TO-DATE
> Task :core:data:bundleLibRuntimeToDirPlaystoreDebug UP-TO-DATE
> Task :core:data:syncPlaystoreDebugLibJars UP-TO-DATE
> Task :feature:compose:mergeGithubDebugJavaResource UP-TO-DATE
> Task :feature:attachment:processGithubDebugJavaRes UP-TO-DATE
> Task :feature:attachment:compileGithubDebugJavaWithJavac UP-TO-DATE
> Task :core:data:mergePlaystoreDebugGeneratedProguardFiles UP-TO-DATE
> Task :feature:auth:processGithubDebugJavaRes UP-TO-DATE
> Task :feature:auth:compileGithubDebugJavaWithJavac UP-TO-DATE
> Task :feature:auth:mergeGithubDebugJavaResource UP-TO-DATE
> Task :feature:compose:compileGithubDebugJavaWithJavac UP-TO-DATE
> Task :feature:detail:compileGithubDebugKotlin UP-TO-DATE
> Task :core:data:mergePlaystoreDebugConsumerProguardFiles UP-TO-DATE
> Task :feature:settings:compileGithubDebugKotlin UP-TO-DATE
> Task :feature:attachment:mergeGithubDebugJavaResource UP-TO-DATE
> Task :feature:detail:compileGithubDebugJavaWithJavac UP-TO-DATE
> Task :feature:attachment:transformGithubDebugClassesWithAsm UP-TO-DATE
> Task :feature:auth:transformGithubDebugClassesWithAsm UP-TO-DATE
> Task :feature:settings:processGithubDebugJavaRes UP-TO-DATE
> Task :feature:auth:bundleLibCompileToJarGithubDebug UP-TO-DATE
> Task :feature:detail:processGithubDebugJavaRes UP-TO-DATE
> Task :feature:attachment:bundleLibCompileToJarGithubDebug UP-TO-DATE
> Task :feature:attachment:extractPlaystoreDebugAnnotations UP-TO-DATE
> Task :feature:auth:bundleLibRuntimeToDirGithubDebug UP-TO-DATE
> Task :feature:attachment:bundleLibRuntimeToJarGithubDebug UP-TO-DATE
> Task :feature:attachment:bundleLibRuntimeToDirGithubDebug UP-TO-DATE
> Task :feature:compose:transformGithubDebugClassesWithAsm UP-TO-DATE
> Task :feature:detail:kspPlaystoreDebugKotlin UP-TO-DATE
> Task :feature:compose:extractPlaystoreDebugAnnotations UP-TO-DATE
> Task :feature:settings:compileGithubDebugJavaWithJavac UP-TO-DATE
> Task :feature:compose:bundleLibCompileToJarGithubDebug UP-TO-DATE
> Task :feature:auth:extractPlaystoreDebugAnnotations UP-TO-DATE
> Task :feature:compose:bundleLibRuntimeToDirGithubDebug UP-TO-DATE
> Task :core:data:bundlePlaystoreDebugAar UP-TO-DATE
> Task :core:data:assemblePlaystoreDebug UP-TO-DATE
> Task :feature:compose:kspPlaystoreDebugKotlin UP-TO-DATE
> Task :feature:settings:kspPlaystoreDebugKotlin UP-TO-DATE
> Task :core:data:assembleDebug UP-TO-DATE
> Task :feature:compose:bundleLibRuntimeToJarGithubDebug UP-TO-DATE
> Task :feature:auth:bundleLibRuntimeToJarGithubDebug UP-TO-DATE
> Task :feature:attachment:kspPlaystoreDebugKotlin UP-TO-DATE
> Task :feature:attachment:syncGithubDebugLibJars UP-TO-DATE
> Task :feature:auth:mergeGithubDebugGeneratedProguardFiles UP-TO-DATE
> Task :feature:detail:mergeGithubDebugJavaResource UP-TO-DATE
> Task :feature:detail:transformGithubDebugClassesWithAsm UP-TO-DATE
> Task :feature:attachment:mergeGithubDebugGeneratedProguardFiles UP-TO-DATE
> Task :feature:compose:mergeGithubDebugGeneratedProguardFiles UP-TO-DATE
> Task :feature:auth:mergeGithubDebugConsumerProguardFiles UP-TO-DATE
> Task :feature:detail:bundleLibRuntimeToDirGithubDebug UP-TO-DATE
> Task :feature:compose:syncGithubDebugLibJars UP-TO-DATE
> Task :feature:detail:bundleLibCompileToJarGithubDebug UP-TO-DATE
> Task :feature:attachment:mergeGithubDebugConsumerProguardFiles UP-TO-DATE
> Task :feature:compose:mergeGithubDebugConsumerProguardFiles UP-TO-DATE
> Task :feature:detail:bundleLibRuntimeToJarGithubDebug UP-TO-DATE
> Task :feature:attachment:bundleGithubDebugAar UP-TO-DATE
> Task :feature:detail:mergeGithubDebugGeneratedProguardFiles UP-TO-DATE
> Task :feature:attachment:assembleGithubDebug UP-TO-DATE
> Task :feature:compose:bundleGithubDebugAar UP-TO-DATE
> Task :feature:compose:assembleGithubDebug UP-TO-DATE
> Task :feature:settings:mergeGithubDebugJavaResource UP-TO-DATE
> Task :feature:detail:extractPlaystoreDebugAnnotations UP-TO-DATE
> Task :feature:detail:mergeGithubDebugConsumerProguardFiles UP-TO-DATE
> Task :feature:detail:syncGithubDebugLibJars UP-TO-DATE
> Task :feature:auth:syncGithubDebugLibJars UP-TO-DATE
> Task :feature:detail:bundleGithubDebugAar UP-TO-DATE
> Task :feature:detail:assembleGithubDebug UP-TO-DATE
> Task :feature:auth:bundleGithubDebugAar UP-TO-DATE
> Task :feature:auth:assembleGithubDebug UP-TO-DATE
> Task :feature:inbox:kspGithubDebugKotlin UP-TO-DATE
> Task :feature:settings:transformGithubDebugClassesWithAsm UP-TO-DATE
> Task :feature:inbox:extractGithubDebugAnnotations UP-TO-DATE
> Task :feature:settings:bundleLibRuntimeToDirGithubDebug UP-TO-DATE
> Task :feature:settings:bundleLibCompileToJarGithubDebug UP-TO-DATE
> Task :feature:settings:extractPlaystoreDebugAnnotations UP-TO-DATE
> Task :feature:settings:bundleLibRuntimeToJarGithubDebug UP-TO-DATE
> Task :feature:auth:kspPlaystoreDebugKotlin UP-TO-DATE
> Task :feature:settings:mergeGithubDebugGeneratedProguardFiles UP-TO-DATE
> Task :feature:settings:syncGithubDebugLibJars UP-TO-DATE
> Task :feature:settings:mergeGithubDebugConsumerProguardFiles UP-TO-DATE
> Task :feature:settings:bundleGithubDebugAar UP-TO-DATE
> Task :feature:settings:assembleGithubDebug UP-TO-DATE
> Task :feature:compose:compilePlaystoreDebugKotlin UP-TO-DATE
> Task :feature:detail:compilePlaystoreDebugKotlin UP-TO-DATE
> Task :feature:compose:processPlaystoreDebugJavaRes UP-TO-DATE
> Task :feature:compose:compilePlaystoreDebugJavaWithJavac UP-TO-DATE
> Task :feature:compose:mergePlaystoreDebugJavaResource UP-TO-DATE
> Task :feature:detail:processPlaystoreDebugJavaRes UP-TO-DATE
> Task :feature:attachment:compilePlaystoreDebugKotlin UP-TO-DATE
> Task :feature:detail:compilePlaystoreDebugJavaWithJavac UP-TO-DATE
> Task :feature:detail:mergePlaystoreDebugJavaResource UP-TO-DATE
> Task :feature:attachment:processPlaystoreDebugJavaRes UP-TO-DATE
> Task :feature:attachment:compilePlaystoreDebugJavaWithJavac UP-TO-DATE
> Task :feature:settings:compilePlaystoreDebugKotlin UP-TO-DATE
> Task :feature:attachment:mergePlaystoreDebugJavaResource UP-TO-DATE
> Task :feature:compose:transformPlaystoreDebugClassesWithAsm UP-TO-DATE
> Task :feature:compose:bundleLibRuntimeToDirPlaystoreDebug UP-TO-DATE
> Task :feature:settings:processPlaystoreDebugJavaRes UP-TO-DATE
> Task :feature:compose:bundleLibRuntimeToJarPlaystoreDebug UP-TO-DATE
> Task :feature:compose:bundleLibCompileToJarPlaystoreDebug UP-TO-DATE
> Task :feature:detail:transformPlaystoreDebugClassesWithAsm UP-TO-DATE
> Task :feature:settings:mergePlaystoreDebugJavaResource UP-TO-DATE
> Task :feature:settings:compilePlaystoreDebugJavaWithJavac UP-TO-DATE
> Task :feature:compose:mergePlaystoreDebugGeneratedProguardFiles UP-TO-DATE
> Task :feature:compose:syncPlaystoreDebugLibJars UP-TO-DATE
> Task :feature:detail:bundleLibRuntimeToDirPlaystoreDebug UP-TO-DATE
> Task :feature:detail:bundleLibRuntimeToJarPlaystoreDebug UP-TO-DATE
> Task :feature:attachment:transformPlaystoreDebugClassesWithAsm UP-TO-DATE
> Task :feature:detail:bundleLibCompileToJarPlaystoreDebug UP-TO-DATE
> Task :feature:compose:mergePlaystoreDebugConsumerProguardFiles UP-TO-DATE
> Task :feature:detail:syncPlaystoreDebugLibJars UP-TO-DATE
> Task :feature:attachment:bundleLibRuntimeToDirPlaystoreDebug UP-TO-DATE
> Task :feature:attachment:bundleLibCompileToJarPlaystoreDebug UP-TO-DATE
> Task :feature:detail:mergePlaystoreDebugGeneratedProguardFiles UP-TO-DATE
> Task :feature:attachment:bundleLibRuntimeToJarPlaystoreDebug UP-TO-DATE
> Task :feature:compose:bundlePlaystoreDebugAar UP-TO-DATE
> Task :feature:compose:assemblePlaystoreDebug UP-TO-DATE
> Task :feature:detail:mergePlaystoreDebugConsumerProguardFiles UP-TO-DATE
> Task :feature:compose:assembleDebug UP-TO-DATE
> Task :feature:attachment:syncPlaystoreDebugLibJars UP-TO-DATE
> Task :feature:attachment:mergePlaystoreDebugGeneratedProguardFiles UP-TO-DATE
> Task :feature:settings:transformPlaystoreDebugClassesWithAsm UP-TO-DATE
> Task :feature:detail:bundlePlaystoreDebugAar UP-TO-DATE
> Task :feature:detail:assemblePlaystoreDebug UP-TO-DATE
> Task :feature:detail:assembleDebug UP-TO-DATE
> Task :feature:attachment:mergePlaystoreDebugConsumerProguardFiles UP-TO-DATE
> Task :feature:auth:compilePlaystoreDebugKotlin UP-TO-DATE
> Task :feature:settings:bundleLibRuntimeToDirPlaystoreDebug UP-TO-DATE
> Task :feature:settings:bundleLibCompileToJarPlaystoreDebug UP-TO-DATE
> Task :feature:settings:bundleLibRuntimeToJarPlaystoreDebug UP-TO-DATE
> Task :feature:attachment:bundlePlaystoreDebugAar UP-TO-DATE
> Task :feature:settings:syncPlaystoreDebugLibJars UP-TO-DATE
> Task :feature:attachment:assemblePlaystoreDebug UP-TO-DATE
> Task :feature:attachment:assembleDebug UP-TO-DATE
> Task :feature:settings:mergePlaystoreDebugGeneratedProguardFiles UP-TO-DATE
> Task :feature:auth:processPlaystoreDebugJavaRes UP-TO-DATE
> Task :feature:auth:compilePlaystoreDebugJavaWithJavac UP-TO-DATE
> Task :feature:auth:mergePlaystoreDebugJavaResource UP-TO-DATE
> Task :feature:settings:mergePlaystoreDebugConsumerProguardFiles UP-TO-DATE
> Task :feature:settings:bundlePlaystoreDebugAar UP-TO-DATE
> Task :feature:settings:assemblePlaystoreDebug UP-TO-DATE
> Task :feature:settings:assembleDebug UP-TO-DATE
> Task :feature:auth:transformPlaystoreDebugClassesWithAsm UP-TO-DATE
> Task :feature:auth:bundleLibRuntimeToDirPlaystoreDebug UP-TO-DATE
> Task :feature:auth:bundleLibRuntimeToJarPlaystoreDebug UP-TO-DATE
> Task :feature:auth:bundleLibCompileToJarPlaystoreDebug UP-TO-DATE
> Task :feature:auth:syncPlaystoreDebugLibJars UP-TO-DATE
> Task :feature:auth:mergePlaystoreDebugGeneratedProguardFiles UP-TO-DATE
> Task :feature:auth:mergePlaystoreDebugConsumerProguardFiles UP-TO-DATE
> Task :feature:auth:bundlePlaystoreDebugAar UP-TO-DATE
> Task :feature:auth:assemblePlaystoreDebug UP-TO-DATE
> Task :feature:auth:assembleDebug UP-TO-DATE
> Task :feature:inbox:extractPlaystoreDebugAnnotations UP-TO-DATE
> Task :feature:inbox:kspPlaystoreDebugKotlin UP-TO-DATE

> Task :feature:inbox:compilePlaystoreDebugKotlin FAILED
e: file:///C:/Users/Shiro/AndroidStudioProjects/Monomail/feature/inbox/src/main/java/com/shrivatsav/monomail/feature/inbox/InboxScreen.kt:625:29 No value passed for parameter 'navActions'.
e: file:///C:/Users/Shiro/AndroidStudioProjects/Monomail/feature/inbox/src/main/java/com/shrivatsav/monomail/feature/inbox/InboxScreen.kt:625:29 No value passed for parameter 'viewModel'.

> Task :feature:inbox:compileGithubDebugKotlin FAILED
e: file:///C:/Users/Shiro/AndroidStudioProjects/Monomail/feature/inbox/src/main/java/com/shrivatsav/monomail/feature/inbox/InboxScreen.kt:625:29 No value passed for parameter 'navActions'.
e: file:///C:/Users/Shiro/AndroidStudioProjects/Monomail/feature/inbox/src/main/java/com/shrivatsav/monomail/feature/inbox/InboxScreen.kt:625:29 No value passed for parameter 'viewModel'.

FAILURE: Build completed with 2 failures.

1: Task failed with an exception.
-----------
* What went wrong:
Execution failed for task ':feature:inbox:compilePlaystoreDebugKotlin' (registered by plugin 'com.android.internal.library').
> A failure occurred while executing org.jetbrains.kotlin.compilerRunner.GradleCompilerRunnerWithWorkers$GradleKotlinCompilerWorkAction
   > Compilation error. See log for more details

* Try:
> Run with --stacktrace option to get the stack trace.
> Run with --info or --debug option to get more log output.
> Run with --scan to get full insights from a Build Scan (powered by Develocity).
> Get more help at https://help.gradle.org.
==============================================================================

2: Task failed with an exception.
-----------
* What went wrong:
Execution failed for task ':feature:inbox:compileGithubDebugKotlin' (registered by plugin 'com.android.internal.library').
> A failure occurred while executing org.jetbrains.kotlin.compilerRunner.GradleCompilerRunnerWithWorkers$GradleKotlinCompilerWorkAction
   > Compilation error. See log for more details

* Try:
> Run with --stacktrace option to get the stack trace.
> Run with --info or --debug option to get more log output.
> Run with --scan to get full insights from a Build Scan (powered by Develocity).
> Get more help at https://help.gradle.org.
==============================================================================

BUILD FAILED in 5s
819 actionable tasks: 2 executed, 817 up-to-date
Configuration cache entry reused.
